// Jest Snapshot v1, https://goo.gl/fbAQLP

exports[`Call to Action (v2) block Save render should match snapshot 1`] = `
<div
  class="wp-block-ugb-cta ugb-cta ugb-cta--v2 ugb-main-block"
>
  <div
    class="ugb-inner-block"
  >
    <div
      class="ugb-block-content"
    >
      <div
        class="ugb-cta__item"
      >
        <h3
          class="ugb-cta__title"
        >
          <div>
            Title for This Block
          </div>
        </h3>
        <p
          class="ugb-cta__description"
        >
          <div>
            Description for this block. Use this space for describing your block. Any text will do.
          </div>
        </p>
        <div
          class="ugb-button-container"
        >
          <a
            class="ugb-button ugb-button--size-normal"
            href=""
            rel=""
            title=""
          >
            
            <span
              class="ugb-button--inner"
            >
              <div>
                Button text
              </div>
            </span>
          </a>
        </div>
      </div>
    </div>
  </div>
</div>
`;

exports[`Call to Action (v2) block Save render should match snapshot with attributes 1`] = `
<div
  class="wp-block-ugb-cta ugb-cta ugb-cta--v2 ugb-cta--design-wave-2 ugb-main-block"
>
  <style>
    .ugb-cta__item{border-radius:123px !important;border-style:columnBorderType !important;border-color:#123456 !important;border-top-width:123px !important;border-right-width:123px !important;border-bottom-width:123px !important;border-left-width:123px !important;background-color:#123456 !important;background-attachment:fixed;background-image:url(columnBackgroundMediaUrl);background-position:columnBackgroundPosition;background-repeat:columnBackgroundRepeat;background-size:columnBackgroundSize;background-blend-mode:columnBackgroundImageBlendMode}.ugb-cta__item:before{background-color:#123456 !important;opacity:12.3}@media screen and (max-width:1025px){.ugb-cta__item{border-top-width:123px !important;border-right-width:123px !important;border-bottom-width:123px !important;border-left-width:123px !important;background-image:url(columnTabletBackgroundMediaUrl);background-position:columnTabletBackgroundPosition;background-repeat:columnTabletBackgroundRepeat;background-size:columnTabletBackgroundSize}.ugb-cta__item:before{opacity:12.3}}@media screen and (max-width:768px){.ugb-cta__item{border-top-width:123px !important;border-right-width:123px !important;border-bottom-width:123px !important;border-left-width:123px !important;background-image:url(columnMobileBackgroundMediaUrl);background-position:columnMobileBackgroundPosition;background-repeat:columnMobileBackgroundRepeat;background-size:columnMobileBackgroundSize}.ugb-cta__item:before{opacity:12.3}}
  </style>
  <div
    class="ugb-inner-block"
  >
    <div
      class="ugb-block-content"
    >
      <div
        class="ugb-cta__item ugb--shadow-123 ugb--has-background-overlay"
      />
    </div>
  </div>
</div>
`;
