// Jest Snapshot v1, https://goo.gl/fbAQLP

exports[`Team Member block Save render should match snapshot 1`] = `
<div
  class="wp-block-ugb-team-member ugb-team-member--v3 ugb-team-member--design-basic ugb-team-member--columns-2 ugb-main-block"
>
  <style>
    .ugb-img{-webkit-mask-image:url('data:image/svg+xml;base64,PHN2Zz48L3N2Zz4=');mask-image:url('data:image/svg+xml;base64,PHN2Zz48L3N2Zz4=')}.ugb-button.ugb-button--has-icon.ugb-button--has-icon svg{width:px;height:px}
  </style>
  <div
    class="ugb-inner-block"
  >
    <div
      class="ugb-block-content"
    >
      <div
        class="ugb-team-member__item ugb-team-member__item1"
      >
        
        <div
          class="ugb-team-member__content"
        >
          <div
            class="ugb-team-member__title"
          >
            <h4
              class="ugb-team-member__name"
            >
              <div>
                Name
              </div>
            </h4>
            <p
              class="ugb-team-member__position"
            >
              <div>
                Position
              </div>
            </p>
          </div>
          <p
            class="ugb-team-member__description"
          >
            <div>
              Description for this block. Use this space for describing your block. Any text will do. Description for this block. You can use this space for describing your block.
            </div>
          </p>
          <div
            class="ugb-team-member__buttons"
          >
            <div
              class="ugb-button-container"
            >
              <a
                class="ugb-social-button ugb-button-facebook ugb-button ugb-button--size-normal ugb-button--icon-only ugb-button--has-icon"
                href="#"
                rel="noopener noreferrer nofollow"
                title=""
              >
                <div
                  class="ugb-icon-inner-svg"
                >
                  <svg
                    aria-hidden="true"
                    class="svg-inline--fa fa-facebook-f fa-w-10"
                    data-icon="facebook-f"
                    data-prefix="fab"
                    focusable="false"
                    role="img"
                    viewBox="0 0 320 512"
                    xmlns="http://www.w3.org/2000/svg"
                  >
                    <path
                      d="M279.14 288l14.22-92.66h-88.91v-60.13c0-25.35 12.42-50.06 52.24-50.06h40.42V6.26S260.43 0 225.36 0c-73.22 0-121.08 44.38-121.08 124.72v70.62H22.89V288h81.39v224h100.17V288z"
                      fill="currentColor"
                    />
                  </svg>
                </div>
              </a>
            </div>
            <div
              class="ugb-button-container"
            >
              <a
                class="ugb-social-button ugb-button-twitter ugb-button ugb-button--size-normal ugb-button--icon-only ugb-button--has-icon"
                href="#"
                rel="noopener noreferrer nofollow"
                title=""
              >
                <div
                  class="ugb-icon-inner-svg"
                >
                  <svg
                    aria-hidden="true"
                    class="svg-inline--fa fa-twitter fa-w-16"
                    data-icon="twitter"
                    data-prefix="fab"
                    focusable="false"
                    role="img"
                    viewBox="0 0 512 512"
                    xmlns="http://www.w3.org/2000/svg"
                  >
                    <path
                      d="M459.37 151.716c.325 4.548.325 9.097.325 13.645 0 138.72-105.583 298.558-298.558 298.558-59.452 0-114.68-17.219-161.137-47.106 8.447.974 16.568 1.299 25.34 1.299 49.055 0 94.213-16.568 130.274-44.832-46.132-.975-84.792-31.188-98.112-72.772 6.498.974 12.995 1.624 19.818 1.624 9.421 0 18.843-1.3 27.614-3.573-48.081-9.747-84.143-51.98-84.143-102.985v-1.299c13.969 7.797 30.214 12.67 47.431 13.319-28.264-18.843-46.781-51.005-46.781-87.391 0-19.492 5.197-37.36 14.294-52.954 51.655 63.675 129.3 105.258 216.365 109.807-1.624-7.797-2.599-15.918-2.599-24.04 0-57.828 46.782-104.934 104.934-104.934 30.213 0 57.502 12.67 76.67 33.137 23.715-4.548 46.456-13.32 66.599-25.34-7.798 24.366-24.366 44.833-46.132 57.827 21.117-2.273 41.584-8.122 60.426-16.243-14.292 20.791-32.161 39.308-52.628 54.253z"
                      fill="currentColor"
                    />
                  </svg>
                </div>
              </a>
            </div>
            <div
              class="ugb-button-container"
            >
              <a
                class="ugb-social-button ugb-button-instagram ugb-button ugb-button--size-normal ugb-button--icon-only ugb-button--has-icon"
                href="#"
                rel="noopener noreferrer nofollow"
                title=""
              >
                <div
                  class="ugb-icon-inner-svg"
                >
                  <svg
                    aria-hidden="true"
                    class="svg-inline--fa fa-instagram fa-w-14"
                    data-icon="instagram"
                    data-prefix="fab"
                    focusable="false"
                    role="img"
                    viewBox="0 0 448 512"
                    xmlns="http://www.w3.org/2000/svg"
                  >
                    <path
                      d="M224.1 141c-63.6 0-114.9 51.3-114.9 114.9s51.3 114.9 114.9 114.9S339 319.5 339 255.9 287.7 141 224.1 141zm0 189.6c-41.1 0-74.7-33.5-74.7-74.7s33.5-74.7 74.7-74.7 74.7 33.5 74.7 74.7-33.6 74.7-74.7 74.7zm146.4-194.3c0 14.9-12 26.8-26.8 26.8-14.9 0-26.8-12-26.8-26.8s12-26.8 26.8-26.8 26.8 12 26.8 26.8zm76.1 27.2c-1.7-35.9-9.9-67.7-36.2-93.9-26.2-26.2-58-34.4-93.9-36.2-37-2.1-147.9-2.1-184.9 0-35.8 1.7-67.6 9.9-93.9 36.1s-34.4 58-36.2 93.9c-2.1 37-2.1 147.9 0 184.9 1.7 35.9 9.9 67.7 36.2 93.9s58 34.4 93.9 36.2c37 2.1 147.9 2.1 184.9 0 35.9-1.7 67.7-9.9 93.9-36.2 26.2-26.2 34.4-58 36.2-93.9 2.1-37 2.1-147.8 0-184.8zM398.8 388c-7.8 19.6-22.9 34.7-42.6 42.6-29.5 11.7-99.5 9-132.1 9s-102.7 2.6-132.1-9c-19.6-7.8-34.7-22.9-42.6-42.6-11.7-29.5-9-99.5-9-132.1s-2.6-102.7 9-132.1c7.8-19.6 22.9-34.7 42.6-42.6 29.5-11.7 99.5-9 132.1-9s102.7-2.6 132.1 9c19.6 7.8 34.7 22.9 42.6 42.6 11.7 29.5 9 99.5 9 132.1s2.7 102.7-9 132.1z"
                      fill="currentColor"
                    />
                  </svg>
                </div>
              </a>
            </div>
            <div
              class="ugb-button-container"
            >
              <a
                class="ugb-social-button ugb-button-email ugb-button ugb-button--size-normal ugb-button--icon-only ugb-button--has-icon"
                href="mailto:my@email.com"
                rel="noopener noreferrer nofollow"
                title=""
              >
                <div
                  class="ugb-icon-inner-svg"
                >
                  <svg
                    aria-hidden="true"
                    class="svg-inline--fa fa-envelope fa-w-16"
                    data-icon="envelope"
                    data-prefix="far"
                    focusable="false"
                    role="img"
                    viewBox="0 0 512 512"
                    xmlns="http://www.w3.org/2000/svg"
                  >
                    <path
                      d="M464 64H48C21.49 64 0 85.49 0 112v288c0 26.51 21.49 48 48 48h416c26.51 0 48-21.49 48-48V112c0-26.51-21.49-48-48-48zm0 48v40.805c-22.422 18.259-58.168 46.651-134.587 106.49-16.841 13.247-50.201 45.072-73.413 44.701-23.208.375-56.579-31.459-73.413-44.701C106.18 199.465 70.425 171.067 48 152.805V112h416zM48 400V214.398c22.914 18.251 55.409 43.862 104.938 82.646 21.857 17.205 60.134 55.186 103.062 54.955 42.717.231 80.509-37.199 103.053-54.947 49.528-38.783 82.032-64.401 104.947-82.653V400H48z"
                      fill="currentColor"
                    />
                  </svg>
                </div>
              </a>
            </div>
          </div>
        </div>
      </div>
      <div
        class="ugb-team-member__item ugb-team-member__item2"
      >
        
        <div
          class="ugb-team-member__content"
        >
          <div
            class="ugb-team-member__title"
          >
            <h4
              class="ugb-team-member__name"
            >
              <div>
                Name
              </div>
            </h4>
            <p
              class="ugb-team-member__position"
            >
              <div>
                Position
              </div>
            </p>
          </div>
          <p
            class="ugb-team-member__description"
          >
            <div>
              Description for this block. Use this space for describing your block. Any text will do. Description for this block. You can use this space for describing your block.
            </div>
          </p>
          <div
            class="ugb-team-member__buttons"
          >
            <div
              class="ugb-button-container"
            >
              <a
                class="ugb-social-button ugb-button-facebook ugb-button ugb-button--size-normal ugb-button--icon-only ugb-button--has-icon"
                href="#"
                rel="noopener noreferrer nofollow"
                title=""
              >
                <div
                  class="ugb-icon-inner-svg"
                >
                  <svg
                    aria-hidden="true"
                    class="svg-inline--fa fa-facebook-f fa-w-10"
                    data-icon="facebook-f"
                    data-prefix="fab"
                    focusable="false"
                    role="img"
                    viewBox="0 0 320 512"
                    xmlns="http://www.w3.org/2000/svg"
                  >
                    <path
                      d="M279.14 288l14.22-92.66h-88.91v-60.13c0-25.35 12.42-50.06 52.24-50.06h40.42V6.26S260.43 0 225.36 0c-73.22 0-121.08 44.38-121.08 124.72v70.62H22.89V288h81.39v224h100.17V288z"
                      fill="currentColor"
                    />
                  </svg>
                </div>
              </a>
            </div>
            <div
              class="ugb-button-container"
            >
              <a
                class="ugb-social-button ugb-button-twitter ugb-button ugb-button--size-normal ugb-button--icon-only ugb-button--has-icon"
                href="#"
                rel="noopener noreferrer nofollow"
                title=""
              >
                <div
                  class="ugb-icon-inner-svg"
                >
                  <svg
                    aria-hidden="true"
                    class="svg-inline--fa fa-twitter fa-w-16"
                    data-icon="twitter"
                    data-prefix="fab"
                    focusable="false"
                    role="img"
                    viewBox="0 0 512 512"
                    xmlns="http://www.w3.org/2000/svg"
                  >
                    <path
                      d="M459.37 151.716c.325 4.548.325 9.097.325 13.645 0 138.72-105.583 298.558-298.558 298.558-59.452 0-114.68-17.219-161.137-47.106 8.447.974 16.568 1.299 25.34 1.299 49.055 0 94.213-16.568 130.274-44.832-46.132-.975-84.792-31.188-98.112-72.772 6.498.974 12.995 1.624 19.818 1.624 9.421 0 18.843-1.3 27.614-3.573-48.081-9.747-84.143-51.98-84.143-102.985v-1.299c13.969 7.797 30.214 12.67 47.431 13.319-28.264-18.843-46.781-51.005-46.781-87.391 0-19.492 5.197-37.36 14.294-52.954 51.655 63.675 129.3 105.258 216.365 109.807-1.624-7.797-2.599-15.918-2.599-24.04 0-57.828 46.782-104.934 104.934-104.934 30.213 0 57.502 12.67 76.67 33.137 23.715-4.548 46.456-13.32 66.599-25.34-7.798 24.366-24.366 44.833-46.132 57.827 21.117-2.273 41.584-8.122 60.426-16.243-14.292 20.791-32.161 39.308-52.628 54.253z"
                      fill="currentColor"
                    />
                  </svg>
                </div>
              </a>
            </div>
            <div
              class="ugb-button-container"
            >
              <a
                class="ugb-social-button ugb-button-instagram ugb-button ugb-button--size-normal ugb-button--icon-only ugb-button--has-icon"
                href="#"
                rel="noopener noreferrer nofollow"
                title=""
              >
                <div
                  class="ugb-icon-inner-svg"
                >
                  <svg
                    aria-hidden="true"
                    class="svg-inline--fa fa-instagram fa-w-14"
                    data-icon="instagram"
                    data-prefix="fab"
                    focusable="false"
                    role="img"
                    viewBox="0 0 448 512"
                    xmlns="http://www.w3.org/2000/svg"
                  >
                    <path
                      d="M224.1 141c-63.6 0-114.9 51.3-114.9 114.9s51.3 114.9 114.9 114.9S339 319.5 339 255.9 287.7 141 224.1 141zm0 189.6c-41.1 0-74.7-33.5-74.7-74.7s33.5-74.7 74.7-74.7 74.7 33.5 74.7 74.7-33.6 74.7-74.7 74.7zm146.4-194.3c0 14.9-12 26.8-26.8 26.8-14.9 0-26.8-12-26.8-26.8s12-26.8 26.8-26.8 26.8 12 26.8 26.8zm76.1 27.2c-1.7-35.9-9.9-67.7-36.2-93.9-26.2-26.2-58-34.4-93.9-36.2-37-2.1-147.9-2.1-184.9 0-35.8 1.7-67.6 9.9-93.9 36.1s-34.4 58-36.2 93.9c-2.1 37-2.1 147.9 0 184.9 1.7 35.9 9.9 67.7 36.2 93.9s58 34.4 93.9 36.2c37 2.1 147.9 2.1 184.9 0 35.9-1.7 67.7-9.9 93.9-36.2 26.2-26.2 34.4-58 36.2-93.9 2.1-37 2.1-147.8 0-184.8zM398.8 388c-7.8 19.6-22.9 34.7-42.6 42.6-29.5 11.7-99.5 9-132.1 9s-102.7 2.6-132.1-9c-19.6-7.8-34.7-22.9-42.6-42.6-11.7-29.5-9-99.5-9-132.1s-2.6-102.7 9-132.1c7.8-19.6 22.9-34.7 42.6-42.6 29.5-11.7 99.5-9 132.1-9s102.7-2.6 132.1 9c19.6 7.8 34.7 22.9 42.6 42.6 11.7 29.5 9 99.5 9 132.1s2.7 102.7-9 132.1z"
                      fill="currentColor"
                    />
                  </svg>
                </div>
              </a>
            </div>
            <div
              class="ugb-button-container"
            >
              <a
                class="ugb-social-button ugb-button-email ugb-button ugb-button--size-normal ugb-button--icon-only ugb-button--has-icon"
                href="mailto:my@email.com"
                rel="noopener noreferrer nofollow"
                title=""
              >
                <div
                  class="ugb-icon-inner-svg"
                >
                  <svg
                    aria-hidden="true"
                    class="svg-inline--fa fa-envelope fa-w-16"
                    data-icon="envelope"
                    data-prefix="far"
                    focusable="false"
                    role="img"
                    viewBox="0 0 512 512"
                    xmlns="http://www.w3.org/2000/svg"
                  >
                    <path
                      d="M464 64H48C21.49 64 0 85.49 0 112v288c0 26.51 21.49 48 48 48h416c26.51 0 48-21.49 48-48V112c0-26.51-21.49-48-48-48zm0 48v40.805c-22.422 18.259-58.168 46.651-134.587 106.49-16.841 13.247-50.201 45.072-73.413 44.701-23.208.375-56.579-31.459-73.413-44.701C106.18 199.465 70.425 171.067 48 152.805V112h416zM48 400V214.398c22.914 18.251 55.409 43.862 104.938 82.646 21.857 17.205 60.134 55.186 103.062 54.955 42.717.231 80.509-37.199 103.053-54.947 49.528-38.783 82.032-64.401 104.947-82.653V400H48z"
                      fill="currentColor"
                    />
                  </svg>
                </div>
              </a>
            </div>
          </div>
        </div>
      </div>
    </div>
  </div>
</div>
`;

exports[`Team Member block Save render should match snapshot with attributes 1`] = `
<div
  class="wp-block-ugb-team-member ugb-team-member--v3 ugb-team-member--design-wave-2 ugb-team-member--columns-3 ugb-main-block"
>
  <style>
    .ugb-team-member__item{border-radius:123px !important;border-style:columnBorderType !important;border-color:#123456 !important;border-top-width:123px !important;border-right-width:123px !important;border-bottom-width:123px !important;border-left-width:123px !important;background-color:#123456 !important;background-attachment:fixed;background-image:url(columnBackgroundMediaUrl);background-position:columnBackgroundPosition;background-repeat:columnBackgroundRepeat;background-size:columnBackgroundSize;background-blend-mode:columnBackgroundImageBlendMode}.ugb-team-member__item:before{background-color:#123456 !important;opacity:12.3}@media screen and (max-width:1025px){.ugb-team-member__item{border-top-width:123px !important;border-right-width:123px !important;border-bottom-width:123px !important;border-left-width:123px !important;background-image:url(columnTabletBackgroundMediaUrl);background-position:columnTabletBackgroundPosition;background-repeat:columnTabletBackgroundRepeat;background-size:columnTabletBackgroundSize}.ugb-team-member__item:before{opacity:12.3}}@media screen and (max-width:768px){.ugb-team-member__item{border-top-width:123px !important;border-right-width:123px !important;border-bottom-width:123px !important;border-left-width:123px !important;background-image:url(columnMobileBackgroundMediaUrl);background-position:columnMobileBackgroundPosition;background-repeat:columnMobileBackgroundRepeat;background-size:columnMobileBackgroundSize}.ugb-team-member__item:before{opacity:12.3}}
  </style>
  <div
    class="ugb-inner-block"
  >
    <div
      class="ugb-block-content"
    >
      <div
        class="ugb-team-member__item ugb-team-member__item1 ugb--shadow-123 ugb--has-background-overlay"
      >
        <div
          class="ugb-team-member__content"
        />
      </div>
      <div
        class="ugb-team-member__item ugb-team-member__item2 ugb--shadow-123 ugb--has-background-overlay"
      >
        <div
          class="ugb-team-member__content"
        />
      </div>
      <div
        class="ugb-team-member__item ugb-team-member__item3 ugb--shadow-123 ugb--has-background-overlay"
      >
        <div
          class="ugb-team-member__content"
        />
      </div>
    </div>
  </div>
</div>
`;
