// Jest Snapshot v1, https://goo.gl/fbAQLP

exports[`Team Member (v2) block Rendered styles should match snapshot 1`] = `
Object {
  ".ugb-button": Object {
    "backgroundColor": undefined,
    "backgroundImage": undefined,
    "borderRadius": undefined,
    "marginLeft": undefined,
    "marginRight": undefined,
    "opacity": undefined,
    "paddingBottom": undefined,
    "paddingLeft": undefined,
    "paddingRight": undefined,
    "paddingTop": undefined,
  },
  ".ugb-button .ugb-button--inner": Object {
    "fontFamily": undefined,
    "fontSize": undefined,
    "fontWeight": undefined,
    "letterSpacing": undefined,
    "lineHeight": undefined,
    "textTransform": undefined,
  },
  ".ugb-button .ugb-button--inner, .ugb-button svg:not(.ugb-custom-icon)": Object {
    "color": undefined,
  },
  ".ugb-button-container": Object {
    "marginBottom": undefined,
  },
  ".ugb-button.ugb-button--has-icon.ugb-button--has-icon svg": Object {
    "height": "px",
    "marginLeft": undefined,
    "marginRight": undefined,
    "width": "px",
  },
  ".ugb-button:before": Object {
    "backgroundImage": undefined,
    "borderRadius": undefined,
    "content": undefined,
  },
  ".ugb-button:hover": Object {
    "backgroundColor": undefined,
    "opacity": undefined,
  },
  ".ugb-button:hover .ugb-button--inner, .ugb-button:hover svg:not(.ugb-custom-icon)": Object {
    "color": undefined,
  },
  ".ugb-img": Object {
    "borderRadius": undefined,
  },
  ".ugb-img, .ugb-team-member__image": Object {
    "marginLeft": undefined,
    "marginRight": undefined,
  },
  ".ugb-team-member__buttons": Object {
    "textAlign": undefined,
  },
  ".ugb-team-member__description": Object {
    "color": undefined,
    "fontFamily": undefined,
    "fontSize": undefined,
    "fontWeight": undefined,
    "letterSpacing": undefined,
    "lineHeight": undefined,
    "marginBottom": undefined,
    "textAlign": undefined,
    "textTransform": undefined,
  },
  ".ugb-team-member__image": Object {
    "marginBottom": undefined,
  },
  ".ugb-team-member__item": Object {
    "backgroundAttachment": undefined,
    "backgroundBlendMode": undefined,
    "backgroundColor": undefined,
    "backgroundImage": undefined,
    "backgroundPosition": undefined,
    "backgroundRepeat": undefined,
    "backgroundSize": undefined,
    "borderRadius": undefined,
  },
  ".ugb-team-member__item:before": Object {
    "backgroundColor": undefined,
    "backgroundImage": undefined,
    "mixBlendMode": undefined,
    "opacity": undefined,
  },
  ".ugb-team-member__name": Object {
    "color": undefined,
    "fontFamily": undefined,
    "fontSize": undefined,
    "fontWeight": undefined,
    "letterSpacing": undefined,
    "lineHeight": undefined,
    "marginBottom": undefined,
    "textAlign": undefined,
    "textTransform": undefined,
  },
  ".ugb-team-member__position": Object {
    "color": undefined,
    "fontFamily": undefined,
    "fontSize": undefined,
    "fontWeight": undefined,
    "letterSpacing": undefined,
    "lineHeight": undefined,
    "marginBottom": undefined,
    "textAlign": undefined,
    "textTransform": undefined,
  },
  "desktopOnly": Object {
    ".ugb-team-member__image": Object {
      "width": undefined,
    },
  },
  "desktopTablet": Object {
    ".ugb-img": Object {
      "borderRadius": undefined,
      "height": undefined,
      "width": undefined,
    },
  },
  "editor": Object {
    "desktopTablet": Object {
      "> .ugb-inner-block > .ugb-block-content > .ugb-team-member__item": Object {
        "paddingBottom": undefined,
        "paddingLeft": undefined,
        "paddingRight": undefined,
        "paddingTop": undefined,
      },
    },
    "mobile": Object {
      "> .ugb-inner-block > .ugb-block-content > .ugb-team-member__item": Object {
        "paddingBottom": undefined,
        "paddingLeft": undefined,
        "paddingRight": undefined,
        "paddingTop": undefined,
      },
    },
    "tabletOnly": Object {
      "> .ugb-inner-block > .ugb-block-content > .ugb-team-member__item": Object {
        "paddingBottom": undefined,
        "paddingLeft": undefined,
        "paddingRight": undefined,
        "paddingTop": undefined,
      },
    },
  },
  "mobile": Object {
    ".ugb-button": Object {
      "marginLeft": undefined,
      "marginRight": undefined,
    },
    ".ugb-button .ugb-button--inner": Object {
      "lineHeight": undefined,
    },
    ".ugb-button-container": Object {
      "marginBottom": undefined,
    },
    ".ugb-img": Object {
      "height": undefined,
      "width": undefined,
    },
    ".ugb-img, .ugb-team-member__image": Object {
      "marginLeft": undefined,
      "marginRight": undefined,
    },
    ".ugb-team-member__buttons": Object {
      "textAlign": undefined,
    },
    ".ugb-team-member__description": Object {
      "lineHeight": undefined,
      "marginBottom": undefined,
      "textAlign": undefined,
    },
    ".ugb-team-member__image": Object {
      "marginBottom": undefined,
      "width": undefined,
    },
    ".ugb-team-member__item": Object {
      "backgroundImage": undefined,
      "backgroundPosition": undefined,
      "backgroundRepeat": undefined,
      "backgroundSize": undefined,
    },
    ".ugb-team-member__item:before": Object {
      "opacity": undefined,
    },
    ".ugb-team-member__name": Object {
      "lineHeight": undefined,
      "marginBottom": undefined,
      "textAlign": undefined,
    },
    ".ugb-team-member__position": Object {
      "lineHeight": undefined,
      "marginBottom": undefined,
      "textAlign": undefined,
    },
  },
  "saveOnly": Object {
    "desktopTablet": Object {
      "> .ugb-inner-block > .ugb-block-content > *": Object {
        "paddingBottom": undefined,
        "paddingLeft": undefined,
        "paddingRight": undefined,
        "paddingTop": undefined,
      },
    },
    "mobile": Object {
      "> .ugb-inner-block > .ugb-block-content > *": Object {
        "paddingBottom": undefined,
        "paddingLeft": undefined,
        "paddingRight": undefined,
        "paddingTop": undefined,
      },
    },
    "tabletOnly": Object {
      "> .ugb-inner-block > .ugb-block-content > *": Object {
        "paddingBottom": undefined,
        "paddingLeft": undefined,
        "paddingRight": undefined,
        "paddingTop": undefined,
      },
    },
  },
  "tablet": Object {
    ".ugb-button .ugb-button--inner": Object {
      "lineHeight": undefined,
    },
    ".ugb-img, .ugb-team-member__image": Object {
      "marginLeft": undefined,
      "marginRight": undefined,
    },
    ".ugb-team-member__buttons": Object {
      "textAlign": undefined,
    },
    ".ugb-team-member__description": Object {
      "lineHeight": undefined,
      "textAlign": undefined,
    },
    ".ugb-team-member__item": Object {
      "backgroundImage": undefined,
      "backgroundPosition": undefined,
      "backgroundRepeat": undefined,
      "backgroundSize": undefined,
    },
    ".ugb-team-member__item:before": Object {
      "opacity": undefined,
    },
    ".ugb-team-member__name": Object {
      "lineHeight": undefined,
      "textAlign": undefined,
    },
    ".ugb-team-member__position": Object {
      "lineHeight": undefined,
      "textAlign": undefined,
    },
  },
  "tabletOnly": Object {
    ".ugb-button": Object {
      "marginLeft": undefined,
      "marginRight": undefined,
    },
    ".ugb-button-container": Object {
      "marginBottom": undefined,
    },
    ".ugb-img": Object {
      "height": undefined,
      "width": undefined,
    },
    ".ugb-team-member__description": Object {
      "marginBottom": undefined,
    },
    ".ugb-team-member__image": Object {
      "marginBottom": undefined,
      "width": undefined,
    },
    ".ugb-team-member__name": Object {
      "marginBottom": undefined,
    },
    ".ugb-team-member__position": Object {
      "marginBottom": undefined,
    },
  },
}
`;

exports[`Team Member (v2) block Rendered styles should match snapshot with modified attributes 1`] = `
Object {
  ".ugb-team-member__item": Object {
    "backgroundAttachment": "fixed",
    "backgroundBlendMode": "columnBackgroundImageBlendMode",
    "backgroundColor": "#123456 !important",
    "backgroundImage": "url(columnBackgroundMediaUrl)",
    "backgroundPosition": "columnBackgroundPosition",
    "backgroundRepeat": "columnBackgroundRepeat",
    "backgroundSize": "columnBackgroundSize",
    "borderBottomWidth": "123px !important",
    "borderColor": "#123456 !important",
    "borderLeftWidth": "123px !important",
    "borderRadius": "123px !important",
    "borderRightWidth": "123px !important",
    "borderStyle": "columnBorderType !important",
    "borderTopWidth": "123px !important",
  },
  ".ugb-team-member__item:before": Object {
    "backgroundColor": "#123456 !important",
    "backgroundImage": undefined,
    "mixBlendMode": undefined,
    "opacity": 12.3,
  },
  "editor": Object {
    "desktopTablet": Object {
      "> .ugb-inner-block > .ugb-block-content > .ugb-team-member__item": Object {
        "paddingBottom": undefined,
        "paddingLeft": undefined,
        "paddingRight": undefined,
        "paddingTop": undefined,
      },
    },
    "mobile": Object {
      "> .ugb-inner-block > .ugb-block-content > .ugb-team-member__item": Object {
        "paddingBottom": undefined,
        "paddingLeft": undefined,
        "paddingRight": undefined,
        "paddingTop": undefined,
      },
    },
    "tabletOnly": Object {
      "> .ugb-inner-block > .ugb-block-content > .ugb-team-member__item": Object {
        "paddingBottom": undefined,
        "paddingLeft": undefined,
        "paddingRight": undefined,
        "paddingTop": undefined,
      },
    },
  },
  "mobile": Object {
    ".ugb-team-member__item": Object {
      "backgroundImage": "url(columnMobileBackgroundMediaUrl)",
      "backgroundPosition": "columnMobileBackgroundPosition",
      "backgroundRepeat": "columnMobileBackgroundRepeat",
      "backgroundSize": "columnMobileBackgroundSize",
      "borderBottomWidth": "123px !important",
      "borderLeftWidth": "123px !important",
      "borderRightWidth": "123px !important",
      "borderTopWidth": "123px !important",
    },
    ".ugb-team-member__item:before": Object {
      "opacity": 12.3,
    },
  },
  "saveOnly": Object {
    "desktopTablet": Object {
      "> .ugb-inner-block > .ugb-block-content > *": Object {
        "paddingBottom": undefined,
        "paddingLeft": undefined,
        "paddingRight": undefined,
        "paddingTop": undefined,
      },
    },
    "mobile": Object {
      "> .ugb-inner-block > .ugb-block-content > *": Object {
        "paddingBottom": undefined,
        "paddingLeft": undefined,
        "paddingRight": undefined,
        "paddingTop": undefined,
      },
    },
    "tabletOnly": Object {
      "> .ugb-inner-block > .ugb-block-content > *": Object {
        "paddingBottom": undefined,
        "paddingLeft": undefined,
        "paddingRight": undefined,
        "paddingTop": undefined,
      },
    },
  },
  "tablet": Object {
    ".ugb-team-member__item": Object {
      "backgroundImage": "url(columnTabletBackgroundMediaUrl)",
      "backgroundPosition": "columnTabletBackgroundPosition",
      "backgroundRepeat": "columnTabletBackgroundRepeat",
      "backgroundSize": "columnTabletBackgroundSize",
      "borderBottomWidth": "123px !important",
      "borderLeftWidth": "123px !important",
      "borderRightWidth": "123px !important",
      "borderTopWidth": "123px !important",
    },
    ".ugb-team-member__item:before": Object {
      "opacity": 12.3,
    },
  },
}
`;
