// Jest Snapshot v1, https://goo.gl/fbAQLP

exports[`Notification block saved block HTML shouldn't change 1`] = `
<div
  className="wp-block-ugb-notification ugb-notification ugb-notification--type-notifType ugb-notification--dismissible ugb--shadow-1 className"
  style={
    Object {
      "backgroundColor": "#123456",
      "borderRadius": 6,
      "color": "#123456",
    }
  }
>
  <span
    className="ugb-notification__close-button"
    role="button"
    tabIndex="0"
  >
    <div />
  </span>
  <p
    style={
      Object {
        "color": "#123456",
      }
    }
  >
    <div
      dangerouslySetInnerHTML={
        Object {
          "__html": "text",
        }
      }
    />
  </p>
</div>
`;

exports[`Notification block saved default block HTML shouldn't change 1`] = `
<div
  className="wp-block-ugb-notification ugb-notification ugb-notification--type-success"
  style={
    Object {
      "backgroundColor": undefined,
      "borderRadius": undefined,
      "color": undefined,
    }
  }
>
  <p
    style={
      Object {
        "color": undefined,
      }
    }
  >
    <div
      dangerouslySetInnerHTML={
        Object {
          "__html": "Description for this block. Use this space for describing your block. Any text will do. Description for this block. You can use this space for describing your block. Description for this block. Use this space for describing your block. Any text will do. Description for this block. You can use this space for describing your block.",
        }
      }
    />
  </p>
</div>
`;
