// Jest Snapshot v1, https://goo.gl/fbAQLP

exports[`Card (v2) block Save render should match snapshot 1`] = `
<div
  class="wp-block-ugb-card ugb-card--v2 ugb-card--design-basic ugb-card--columns-2 ugb-main-block"
>
  <div
    class="ugb-inner-block"
  >
    <div
      class="ugb-block-content"
    >
      <div
        class="ugb-card__item ugb-card__item1"
      >
        
        <div
          class="ugb-card__content"
        >
          <h4
            class="ugb-card__title"
          >
            <div>
              Title for This Block
            </div>
          </h4>
          <p
            class="ugb-card__subtitle"
          >
            <div>
              Subtitle for This Block
            </div>
          </p>
          <p
            class="ugb-card__description"
          >
            <div>
              Description for this block. Use this space for describing your block. Any text will do. Description for this block. You can use this space for describing your block.
            </div>
          </p>
          <div
            class="ugb-button-container"
          >
            <a
              class="ugb-button ugb-button--size-normal"
              href=""
              rel=""
              title=""
            >
              
              <span
                class="ugb-button--inner"
              >
                <div>
                  Button text
                </div>
              </span>
            </a>
          </div>
        </div>
      </div>
      <div
        class="ugb-card__item ugb-card__item2"
      >
        
        <div
          class="ugb-card__content"
        >
          <h4
            class="ugb-card__title"
          >
            <div>
              Title for This Block
            </div>
          </h4>
          <p
            class="ugb-card__subtitle"
          >
            <div>
              Subtitle for This Block
            </div>
          </p>
          <p
            class="ugb-card__description"
          >
            <div>
              Description for this block. Use this space for describing your block. Any text will do. Description for this block. You can use this space for describing your block.
            </div>
          </p>
          <div
            class="ugb-button-container"
          >
            <a
              class="ugb-button ugb-button--size-normal"
              href=""
              rel=""
              title=""
            >
              
              <span
                class="ugb-button--inner"
              >
                <div>
                  Button text
                </div>
              </span>
            </a>
          </div>
        </div>
      </div>
    </div>
  </div>
</div>
`;

exports[`Card (v2) block Save render should match snapshot with attributes 1`] = `
<div
  class="wp-block-ugb-card ugb-card--v2 ugb-card--design-wave-2 ugb-card--columns-3 ugb-main-block"
>
  <style>
    .ugb-card__item{border-radius:123px !important;border-style:columnBorderType !important;border-color:#123456 !important;border-top-width:123px !important;border-right-width:123px !important;border-bottom-width:123px !important;border-left-width:123px !important;background-color:#123456 !important;background-attachment:fixed;background-image:url(columnBackgroundMediaUrl);background-position:columnBackgroundPosition;background-repeat:columnBackgroundRepeat;background-size:columnBackgroundSize;background-blend-mode:columnBackgroundImageBlendMode}.ugb-card__item:before{background-color:#123456 !important;opacity:12.3}.ugb-card__item1 .ugb-card__image{background-image:url(image1Url)}.ugb-card__item2 .ugb-card__image{background-image:url(image2Url)}.ugb-card__item3 .ugb-card__image{background-image:url(image3Url)}.ugb-card__image{background-image:url(imageUrl);background-position:imageBackgroundPosition !important;background-repeat:imageBackgroundRepeat !important;background-size:imageBackgroundSize !important}@media screen and (max-width:1025px){.ugb-card__item{border-top-width:123px !important;border-right-width:123px !important;border-bottom-width:123px !important;border-left-width:123px !important;background-image:url(columnTabletBackgroundMediaUrl);background-position:columnTabletBackgroundPosition;background-repeat:columnTabletBackgroundRepeat;background-size:columnTabletBackgroundSize}.ugb-card__item:before{opacity:12.3}}@media screen and (max-width:768px){.ugb-card__item{border-top-width:123px !important;border-right-width:123px !important;border-bottom-width:123px !important;border-left-width:123px !important;background-image:url(columnMobileBackgroundMediaUrl);background-position:columnMobileBackgroundPosition;background-repeat:columnMobileBackgroundRepeat;background-size:columnMobileBackgroundSize}.ugb-card__item:before{opacity:12.3}}
  </style>
  <div
    class="ugb-inner-block"
  >
    <div
      class="ugb-block-content"
    >
      <div
        class="ugb-card__item ugb-card__item1 ugb--shadow-123 ugb--has-background-overlay"
      >
        <div
          class="ugb-card__content"
        />
      </div>
      <div
        class="ugb-card__item ugb-card__item2 ugb--shadow-123 ugb--has-background-overlay"
      >
        <div
          class="ugb-card__content"
        />
      </div>
      <div
        class="ugb-card__item ugb-card__item3 ugb--shadow-123 ugb--has-background-overlay"
      >
        <div
          class="ugb-card__content"
        />
      </div>
    </div>
  </div>
</div>
`;
