// Jest Snapshot v1, https://goo.gl/fbAQLP

exports[`Blockquote (v2) block Rendered styles should match snapshot 1`] = `
Object {
  ".ugb-blockquote__item": Object {
    "backgroundAttachment": undefined,
    "backgroundBlendMode": undefined,
    "backgroundColor": undefined,
    "backgroundImage": undefined,
    "backgroundPosition": undefined,
    "backgroundRepeat": undefined,
    "backgroundSize": undefined,
    "borderRadius": undefined,
    "textAlign": undefined,
  },
  ".ugb-blockquote__item:before": Object {
    "backgroundColor": undefined,
    "backgroundImage": undefined,
    "mixBlendMode": undefined,
    "opacity": undefined,
  },
  ".ugb-blockquote__quote": Object {
    "fill": undefined,
    "height": undefined,
    "left": undefined,
    "opacity": undefined,
    "top": undefined,
    "width": undefined,
  },
  ".ugb-blockquote__text": Object {
    "color": undefined,
    "fontFamily": undefined,
    "fontSize": undefined,
    "fontWeight": undefined,
    "letterSpacing": undefined,
    "lineHeight": undefined,
    "textTransform": undefined,
  },
  "editor": Object {
    "desktopTablet": Object {
      "> .ugb-inner-block > .ugb-block-content > .ugb-blockquote__item": Object {
        "paddingBottom": undefined,
        "paddingLeft": undefined,
        "paddingRight": undefined,
        "paddingTop": undefined,
      },
    },
    "mobile": Object {
      "> .ugb-inner-block > .ugb-block-content > .ugb-blockquote__item": Object {
        "paddingBottom": undefined,
        "paddingLeft": undefined,
        "paddingRight": undefined,
        "paddingTop": undefined,
      },
    },
    "tabletOnly": Object {
      "> .ugb-inner-block > .ugb-block-content > .ugb-blockquote__item": Object {
        "paddingBottom": undefined,
        "paddingLeft": undefined,
        "paddingRight": undefined,
        "paddingTop": undefined,
      },
    },
  },
  "mobile": Object {
    ".ugb-blockquote__item": Object {
      "backgroundImage": undefined,
      "backgroundPosition": undefined,
      "backgroundRepeat": undefined,
      "backgroundSize": undefined,
      "textAlign": undefined,
    },
    ".ugb-blockquote__item:before": Object {
      "opacity": undefined,
    },
    ".ugb-blockquote__quote": Object {
      "height": undefined,
      "left": undefined,
      "top": undefined,
      "width": undefined,
    },
    ".ugb-blockquote__text": Object {
      "lineHeight": undefined,
    },
  },
  "saveOnly": Object {
    "desktopTablet": Object {
      "> .ugb-inner-block > .ugb-block-content > *": Object {
        "paddingBottom": undefined,
        "paddingLeft": undefined,
        "paddingRight": undefined,
        "paddingTop": undefined,
      },
    },
    "mobile": Object {
      "> .ugb-inner-block > .ugb-block-content > *": Object {
        "paddingBottom": undefined,
        "paddingLeft": undefined,
        "paddingRight": undefined,
        "paddingTop": undefined,
      },
    },
    "tabletOnly": Object {
      "> .ugb-inner-block > .ugb-block-content > *": Object {
        "paddingBottom": undefined,
        "paddingLeft": undefined,
        "paddingRight": undefined,
        "paddingTop": undefined,
      },
    },
  },
  "tablet": Object {
    ".ugb-blockquote__item": Object {
      "backgroundImage": undefined,
      "backgroundPosition": undefined,
      "backgroundRepeat": undefined,
      "backgroundSize": undefined,
    },
    ".ugb-blockquote__item:before": Object {
      "opacity": undefined,
    },
    ".ugb-blockquote__text": Object {
      "lineHeight": undefined,
    },
  },
  "tabletOnly": Object {
    ".ugb-blockquote__item": Object {
      "textAlign": undefined,
    },
    ".ugb-blockquote__quote": Object {
      "height": undefined,
      "left": undefined,
      "top": undefined,
      "width": undefined,
    },
  },
}
`;

exports[`Blockquote (v2) block Rendered styles should match snapshot with modified attributes 1`] = `
Object {
  ".ugb-blockquote__item": Object {
    "textAlign": "textAlign !important",
  },
  ".ugb-blockquote__text": Object {
    "color": "#123456",
    "fontFamily": "\\"textFontFamily\\", Sans-serif !important",
    "fontSize": "123textFontSizeUnit !important",
    "fontWeight": "textFontWeight !important",
    "letterSpacing": "123px !important",
    "lineHeight": "123textLineHeightUnit !important",
    "textTransform": "textTextTransform !important",
  },
  "editor": Object {
    "desktopTablet": Object {
      "> .ugb-inner-block > .ugb-block-content > .ugb-blockquote__item": Object {
        "paddingBottom": undefined,
        "paddingLeft": undefined,
        "paddingRight": undefined,
        "paddingTop": undefined,
      },
    },
    "mobile": Object {
      "> .ugb-inner-block > .ugb-block-content > .ugb-blockquote__item": Object {
        "paddingBottom": undefined,
        "paddingLeft": undefined,
        "paddingRight": undefined,
        "paddingTop": undefined,
      },
    },
    "tabletOnly": Object {
      "> .ugb-inner-block > .ugb-block-content > .ugb-blockquote__item": Object {
        "paddingBottom": undefined,
        "paddingLeft": undefined,
        "paddingRight": undefined,
        "paddingTop": undefined,
      },
    },
  },
  "mobile": Object {
    ".ugb-blockquote__item": Object {
      "textAlign": "textMobileAlign !important",
    },
    ".ugb-blockquote__text": Object {
      "fontSize": "123textMobileFontSizeUnit !important",
      "lineHeight": "123textMobileLineHeightUnit !important",
    },
  },
  "saveOnly": Object {
    "desktopTablet": Object {
      "> .ugb-inner-block > .ugb-block-content > *": Object {
        "paddingBottom": undefined,
        "paddingLeft": undefined,
        "paddingRight": undefined,
        "paddingTop": undefined,
      },
    },
    "mobile": Object {
      "> .ugb-inner-block > .ugb-block-content > *": Object {
        "paddingBottom": undefined,
        "paddingLeft": undefined,
        "paddingRight": undefined,
        "paddingTop": undefined,
      },
    },
    "tabletOnly": Object {
      "> .ugb-inner-block > .ugb-block-content > *": Object {
        "paddingBottom": undefined,
        "paddingLeft": undefined,
        "paddingRight": undefined,
        "paddingTop": undefined,
      },
    },
  },
  "tablet": Object {
    ".ugb-blockquote__text": Object {
      "fontSize": "123textTabletFontSizeUnit !important",
      "lineHeight": "123textTabletLineHeightUnit !important",
    },
  },
  "tabletOnly": Object {
    ".ugb-blockquote__item": Object {
      "textAlign": "textTabletAlign !important",
    },
  },
}
`;
