// Jest Snapshot v1, https://goo.gl/fbAQLP

exports[`Posts block saved default block HTML shouldn't change 1`] = `null`;
